###############################################################################
#
# IAR ELF Linker V8.40.2.214/W32 for ARM                  05/Jan/2025  20:26:41
# Copyright 2007-2019 IAR Systems AB.
#
#    Output file  =
#        E:\EMB\Graduation_Project\0.HardWare_Unit\1.Code\clock\EWARM\clock\Exe\clock.out
#    Map file     =
#        E:\EMB\Graduation_Project\0.HardWare_Unit\1.Code\clock\EWARM\clock\List\clock.map
#    Command line =
#        -f C:\Users\dangd\AppData\Local\Temp\EW6230.tmp
#        (E:\EMB\Graduation_Project\0.HardWare_Unit\1.Code\clock\EWARM\clock\Obj\main.o
#        E:\EMB\Graduation_Project\0.HardWare_Unit\1.Code\clock\EWARM\clock\Obj\startup_stm32f103xb.o
#        E:\EMB\Graduation_Project\0.HardWare_Unit\1.Code\clock\EWARM\clock\Obj\stm32f1xx_hal.o
#        E:\EMB\Graduation_Project\0.HardWare_Unit\1.Code\clock\EWARM\clock\Obj\stm32f1xx_hal_cortex.o
#        E:\EMB\Graduation_Project\0.HardWare_Unit\1.Code\clock\EWARM\clock\Obj\stm32f1xx_hal_dma.o
#        E:\EMB\Graduation_Project\0.HardWare_Unit\1.Code\clock\EWARM\clock\Obj\stm32f1xx_hal_exti.o
#        E:\EMB\Graduation_Project\0.HardWare_Unit\1.Code\clock\EWARM\clock\Obj\stm32f1xx_hal_flash.o
#        E:\EMB\Graduation_Project\0.HardWare_Unit\1.Code\clock\EWARM\clock\Obj\stm32f1xx_hal_flash_ex.o
#        E:\EMB\Graduation_Project\0.HardWare_Unit\1.Code\clock\EWARM\clock\Obj\stm32f1xx_hal_gpio.o
#        E:\EMB\Graduation_Project\0.HardWare_Unit\1.Code\clock\EWARM\clock\Obj\stm32f1xx_hal_gpio_ex.o
#        E:\EMB\Graduation_Project\0.HardWare_Unit\1.Code\clock\EWARM\clock\Obj\stm32f1xx_hal_msp.o
#        E:\EMB\Graduation_Project\0.HardWare_Unit\1.Code\clock\EWARM\clock\Obj\stm32f1xx_hal_pwr.o
#        E:\EMB\Graduation_Project\0.HardWare_Unit\1.Code\clock\EWARM\clock\Obj\stm32f1xx_hal_rcc.o
#        E:\EMB\Graduation_Project\0.HardWare_Unit\1.Code\clock\EWARM\clock\Obj\stm32f1xx_hal_rcc_ex.o
#        E:\EMB\Graduation_Project\0.HardWare_Unit\1.Code\clock\EWARM\clock\Obj\stm32f1xx_hal_tim.o
#        E:\EMB\Graduation_Project\0.HardWare_Unit\1.Code\clock\EWARM\clock\Obj\stm32f1xx_hal_tim_ex.o
#        E:\EMB\Graduation_Project\0.HardWare_Unit\1.Code\clock\EWARM\clock\Obj\stm32f1xx_hal_uart.o
#        E:\EMB\Graduation_Project\0.HardWare_Unit\1.Code\clock\EWARM\clock\Obj\stm32f1xx_it.o
#        E:\EMB\Graduation_Project\0.HardWare_Unit\1.Code\clock\EWARM\clock\Obj\system_stm32f1xx.o
#        --no_out_extension -o
#        E:\EMB\Graduation_Project\0.HardWare_Unit\1.Code\clock\EWARM\clock\Exe\clock.out
#        --redirect _Printf=_PrintfFullNoMb --redirect _Scanf=_ScanfFullNoMb
#        --map
#        E:\EMB\Graduation_Project\0.HardWare_Unit\1.Code\clock\EWARM\clock\List\clock.map
#        --config
#        E:\EMB\Graduation_Project\0.HardWare_Unit\1.Code\clock\EWARM/stm32f103xb_flash.icf
#        --semihosting --entry __iar_program_start --vfe --text_out locale)
#
###############################################################################

*******************************************************************************
*** RUNTIME MODEL ATTRIBUTES
***

CppFlavor       = *
__SystemLibrary = DLib
__dlib_version  = 6


*******************************************************************************
*** HEAP SELECTION
***

The basic heap was selected because no calls to memory allocation
functions were found in the application outside of system library
functions, and there are calls to deallocation functions in the
application.


*******************************************************************************
*** PLACEMENT SUMMARY
***

"A0":  place at address 0x800'0000 { ro section .intvec };
"P1":  place in [from 0x800'0000 to 0x801'ffff] { ro };
define block CSTACK with size = 1K, alignment = 8 { };
define block HEAP with size = 512, alignment = 8 { };
"P2":  place in [from 0x2000'0000 to 0x2000'4fff] {
          rw, block CSTACK, block HEAP };
initialize by copy { rw };

  Section            Kind         Address    Size  Object
  -------            ----         -------    ----  ------
"A0":                                        0xec
  .intvec            ro code   0x800'0000    0xec  startup_stm32f103xb.o [1]
                             - 0x800'00ec    0xec

"P1":                                      0x40c0
  .text              ro code   0x800'00ec  0x1114  main.o [1]
  .text              ro code   0x800'1200     0x6  ABImemclr.o [4]
  .text              ro code   0x800'1206    0x3a  zero_init3.o [4]
  .text              ro code   0x800'1240    0x28  stm32f1xx_hal.o [1]
  .text              ro code   0x800'1268   0x1c8  stm32f1xx_hal_gpio.o [1]
  .text              ro code   0x800'1430   0x40c  stm32f1xx_hal_tim.o [1]
  .text              ro code   0x800'183c    0x1c  FltCmpEq.o [3]
  .text              ro code   0x800'1858    0x80  FltSub.o [3]
  .text              ro code   0x800'18d8    0xe2  FltAdd.o [3]
  .text              ro code   0x800'19bc    0x48  FltToDbl.o [3]
  .text              ro code   0x800'1a04   0x1a2  DblMul.o [3]
  .text              ro code   0x800'1ba8    0x68  DblToFlt.o [3]
  .text              ro code   0x800'1c10    0x24  FltCmpGe.o [3]
  .text              ro code   0x800'1c34    0x24  FltCmpLe.o [3]
  .text              ro code   0x800'1c58    0xfc  FltDiv.o [3]
  .text              ro code   0x800'1d54    0x2a  FltToS32.o [3]
  .text              ro code   0x800'1d80    0x24  S32ToFlt.o [3]
  .text              ro code   0x800'1da4    0xd8  FltMul.o [3]
  .text              ro code   0x800'1e7c    0x2e  fmax.o [3]
  .text              ro code   0x800'1eac   0x100  acos64.o [3]
  .text              ro code   0x800'1fac   0x41c  cos_sin64.o [3]
  .text              ro code   0x800'23c8    0xf2  sqrt.o [3]
  .text              ro code   0x800'24bc   0x246  DblDiv.o [3]
  .text              ro code   0x800'2704   0x144  asin64.o [3]
  .text              ro code   0x800'2848    0xe2  DblSub.o [3]
  .text              ro code   0x800'292c    0x2e  fmin.o [3]
  .text              ro code   0x800'295c   0x10a  atan2_64.o [3]
  .text              ro code   0x800'2a68   0x684  stm32f1xx_hal_uart.o [1]
  .text              ro code   0x800'30ec    0x24  stm32f1xx_hal.o [1]
  .text              ro code   0x800'3110    0x64  stm32f1xx_hal_tim_ex.o [1]
  .text              ro code   0x800'3174    0x14  memset.o [4]
  .text              ro code   0x800'3188   0x4be  stm32f1xx_hal_rcc.o [1]
  .text              ro code   0x800'3648    0x66  ABImemset.o [4]
  .text              ro code   0x800'36b0     0xc  stm32f1xx_hal.o [1]
  .text              ro code   0x800'36bc   0x25c  stm32f1xx_hal_msp.o [1]
  .text              ro code   0x800'3918     0x2  stm32f1xx_hal_tim.o [1]
  .text              ro code   0x800'391a     0x2  stm32f1xx_hal_tim.o [1]
  .text              ro code   0x800'391c     0x2  stm32f1xx_hal_tim_ex.o [1]
  .text              ro code   0x800'391e     0x2  stm32f1xx_hal_tim.o [1]
  .text              ro code   0x800'3920     0x2  stm32f1xx_hal_tim_ex.o [1]
  .text              ro code   0x800'3922     0x2  stm32f1xx_hal_tim.o [1]
  .text              ro code   0x800'3924   0x17a  DblAdd.o [3]
  .text              ro code   0x800'3aa0   0x210  iar_Atan64.o [3]
  .text              ro code   0x800'3cb0    0x2e  DblCmpLe.o [3]
  .text              ro code   0x800'3ce0    0x3a  DblToS32.o [3]
  .text              ro code   0x800'3d1c    0x22  S32ToDbl.o [3]
  .text              ro code   0x800'3d40   0x108  stm32f1xx_hal_dma.o [1]
  .text              ro code   0x800'3e48     0x2  stm32f1xx_hal_uart.o [1]
  .text              ro code   0x800'3e4a     0x2  stm32f1xx_hal_uart.o [1]
  .text              ro code   0x800'3e4c     0x2  stm32f1xx_hal_uart.o [1]
  .text              ro code   0x800'3e50    0xc4  stm32f1xx_hal_cortex.o [1]
  .text              ro code   0x800'3f14    0x40  stm32f1xx_hal.o [1]
  .text              ro code   0x800'3f54    0x5c  stm32f1xx_it.o [1]
  .text              ro code   0x800'3fb0    0x10  stm32f1xx_hal.o [1]
  .text              ro code   0x800'3fc0    0x14  system_stm32f1xx.o [1]
  .rodata            const     0x800'3fd8    0x40  iar_Atan64.o [3]
  .text              ro code   0x800'4018    0x38  packbits_init_single.o [4]
  .text              ro code   0x800'4050    0x28  data_init.o [4]
  .iar.init_table    const     0x800'4078    0x20  - Linker created -
  .text              ro code   0x800'4098    0x1e  cmain.o [4]
  .text              ro code   0x800'40b6     0x4  low_level_init.o [2]
  .text              ro code   0x800'40ba     0x4  exit.o [2]
  .text              ro code   0x800'40c0     0xa  cexit.o [4]
  .text              ro code   0x800'40cc    0x14  exit.o [5]
  .text              ro code   0x800'40e0    0x10  startup_stm32f103xb.o [1]
  .text              ro code   0x800'40f0     0xc  cstartup_M.o [4]
  .rodata            const     0x800'40fc     0x8  system_stm32f1xx.o [1]
  .text              ro code   0x800'4104     0x4  startup_stm32f103xb.o [1]
  .text              ro code   0x800'4108     0x4  startup_stm32f103xb.o [1]
  .text              ro code   0x800'410c     0x4  startup_stm32f103xb.o [1]
  .text              ro code   0x800'4110     0x4  startup_stm32f103xb.o [1]
  .text              ro code   0x800'4114     0x4  startup_stm32f103xb.o [1]
  .text              ro code   0x800'4118     0x4  startup_stm32f103xb.o [1]
  .text              ro code   0x800'411c     0x4  startup_stm32f103xb.o [1]
  .text              ro code   0x800'4120     0x4  startup_stm32f103xb.o [1]
  .text              ro code   0x800'4124     0x4  startup_stm32f103xb.o [1]
  .text              ro code   0x800'4128     0x4  startup_stm32f103xb.o [1]
  .text              ro code   0x800'412c     0x4  startup_stm32f103xb.o [1]
  .text              ro code   0x800'4130     0x4  startup_stm32f103xb.o [1]
  .text              ro code   0x800'4134     0x4  startup_stm32f103xb.o [1]
  .text              ro code   0x800'4138     0x4  startup_stm32f103xb.o [1]
  .text              ro code   0x800'413c     0x4  startup_stm32f103xb.o [1]
  .text              ro code   0x800'4140     0x4  startup_stm32f103xb.o [1]
  .text              ro code   0x800'4144     0x4  startup_stm32f103xb.o [1]
  .text              ro code   0x800'4148     0x4  startup_stm32f103xb.o [1]
  .text              ro code   0x800'414c     0x4  startup_stm32f103xb.o [1]
  .text              ro code   0x800'4150     0x4  startup_stm32f103xb.o [1]
  .text              ro code   0x800'4154     0x4  startup_stm32f103xb.o [1]
  .text              ro code   0x800'4158     0x4  startup_stm32f103xb.o [1]
  .text              ro code   0x800'415c     0x4  startup_stm32f103xb.o [1]
  .text              ro code   0x800'4160     0x4  startup_stm32f103xb.o [1]
  .text              ro code   0x800'4164     0x4  startup_stm32f103xb.o [1]
  .text              ro code   0x800'4168     0x4  startup_stm32f103xb.o [1]
  .text              ro code   0x800'416c     0x4  startup_stm32f103xb.o [1]
  .text              ro code   0x800'4170     0x4  startup_stm32f103xb.o [1]
  .text              ro code   0x800'4174     0x4  startup_stm32f103xb.o [1]
  .text              ro code   0x800'4178     0x4  startup_stm32f103xb.o [1]
  .text              ro code   0x800'417c     0x4  startup_stm32f103xb.o [1]
  .text              ro code   0x800'4180     0x4  startup_stm32f103xb.o [1]
  .text              ro code   0x800'4184     0x4  startup_stm32f103xb.o [1]
  .text              ro code   0x800'4188     0x4  startup_stm32f103xb.o [1]
  .rodata            const     0x800'418c     0x0  zero_init3.o [4]
  .rodata            const     0x800'418c     0x0  packbits_init_single.o [4]
  Initializer bytes  const     0x800'418c    0x20  <for P2-1>
                             - 0x800'41ac  0x40c0

"P2", part 1 of 3:                           0x90
  P2-1                        0x2000'0000    0x90  <Init block>
    .data            inited   0x2000'0000    0x7e  main.o [1]
    .data            inited   0x2000'0080     0xc  stm32f1xx_hal.o [1]
    .data            inited   0x2000'008c     0x4  system_stm32f1xx.o [1]
                            - 0x2000'0090    0x90

"P2", part 2 of 3:                          0x1b0
  .bss               zero     0x2000'0090   0x168  main.o [1]
  .bss               zero     0x2000'01f8    0x48  main.o [1]
                            - 0x2000'0240   0x1b0

"P2", part 3 of 3:                          0x400
  CSTACK                      0x2000'0240   0x400  <Block>
    CSTACK           uninit   0x2000'0240   0x400  <Block tail>
                            - 0x2000'0640   0x400

Unused ranges:

         From           To      Size
         ----           --      ----
   0x800'41ac   0x801'ffff  0x1'be54
  0x2000'0640  0x2000'4fff    0x49c0


*******************************************************************************
*** INIT TABLE
***

          Address      Size
          -------      ----
Zero (__iar_zero_init3)
    1 destination range, total size 0x1b0:
          0x2000'0090  0x1b0

Copy/packbits (__iar_packbits_init_single3)
    1 source range, total size 0x20 (22% of destination):
           0x800'418c   0x20
    1 destination range, total size 0x90:
          0x2000'0000   0x90



*******************************************************************************
*** MODULE SUMMARY
***

    Module                  ro code  ro data  rw data
    ------                  -------  -------  -------
command line/config:
    -------------------------------------------------
    Total:

E:\EMB\Graduation_Project\0.HardWare_Unit\1.Code\clock\EWARM\clock\Obj: [1]
    main.o                    4'372       28      558
    startup_stm32f103xb.o       388
    stm32f1xx_hal.o             168        3       12
    stm32f1xx_hal_cortex.o      196
    stm32f1xx_hal_dma.o         264
    stm32f1xx_hal_gpio.o        456
    stm32f1xx_hal_msp.o         604
    stm32f1xx_hal_rcc.o       1'214
    stm32f1xx_hal_tim.o       1'044
    stm32f1xx_hal_tim_ex.o      104
    stm32f1xx_hal_uart.o      1'674
    stm32f1xx_it.o               92
    system_stm32f1xx.o           20        9        4
    -------------------------------------------------
    Total:                   10'596       40      574

dl7M_tlf.a: [2]
    exit.o                        4
    low_level_init.o              4
    -------------------------------------------------
    Total:                        8

m7M_tl.a: [3]
    DblAdd.o                    378
    DblCmpLe.o                   46
    DblDiv.o                    582
    DblMul.o                    418
    DblSub.o                    226
    DblToFlt.o                  104
    DblToS32.o                   58
    FltAdd.o                    226
    FltCmpEq.o                   28
    FltCmpGe.o                   36
    FltCmpLe.o                   36
    FltDiv.o                    252
    FltMul.o                    216
    FltSub.o                    128
    FltToDbl.o                   72
    FltToS32.o                   42
    S32ToDbl.o                   34
    S32ToFlt.o                   36
    acos64.o                    256
    asin64.o                    324
    atan2_64.o                  266
    cos_sin64.o               1'052
    fmax.o                       46
    fmin.o                       46
    iar_Atan64.o                528       64
    sqrt.o                      242
    -------------------------------------------------
    Total:                    5'678       64

rt7M_tl.a: [4]
    ABImemclr.o                   6
    ABImemset.o                 102
    cexit.o                      10
    cmain.o                      30
    cstartup_M.o                 12
    data_init.o                  40
    memset.o                     20
    packbits_init_single.o       56
    zero_init3.o                 58
    -------------------------------------------------
    Total:                      334

shb_l.a: [5]
    exit.o                       20
    -------------------------------------------------
    Total:                       20

    Gaps                         36        4        2
    Linker created                        32    1'024
-----------------------------------------------------
    Grand Total:             16'672      140    1'600


*******************************************************************************
*** ENTRY LIST
***

Entry                       Address   Size  Type      Object
-----                       -------   ----  ----      ------
.iar.init_table$$Base    0x800'4078          --   Gb  - Linker created -
.iar.init_table$$Limit   0x800'4098          --   Gb  - Linker created -
?main                    0x800'4099         Code  Gb  cmain.o [4]
AHBPrescTable            0x800'3fc4   0x10  Data  Gb  system_stm32f1xx.o [1]
APBPrescTable            0x800'40fc    0x8  Data  Gb  system_stm32f1xx.o [1]
BusFault_Handler         0x800'3f5b    0x2  Code  Gb  stm32f1xx_it.o [1]
CSTACK$$Base            0x2000'0240          --   Gb  - Linker created -
CSTACK$$Limit           0x2000'0640          --   Gb  - Linker created -
DebugMon_Handler         0x800'3f61    0x2  Code  Gb  stm32f1xx_it.o [1]
Error_Handler            0x800'11fd    0x4  Code  Gb  main.o [1]
GX                      0x2000'0060    0x4  Data  Gb  main.o [1]
GY                      0x2000'0064    0x4  Data  Gb  main.o [1]
HAL_DMA_Abort            0x800'3d41   0x4a  Code  Gb  stm32f1xx_hal_dma.o [1]
HAL_DMA_Abort_IT         0x800'3d8b   0x94  Code  Gb  stm32f1xx_hal_dma.o [1]
HAL_Delay                0x800'1241   0x28  Code  Wk  stm32f1xx_hal.o [1]
HAL_GPIO_Init            0x800'1269  0x180  Code  Gb  stm32f1xx_hal_gpio.o [1]
HAL_GPIO_ReadPin         0x800'13e9    0xc  Code  Gb  stm32f1xx_hal_gpio.o [1]
HAL_GPIO_WritePin        0x800'13f5    0x8  Code  Gb  stm32f1xx_hal_gpio.o [1]
HAL_GetTick              0x800'36b1    0xc  Code  Wk  stm32f1xx_hal.o [1]
HAL_IncTick              0x800'3fb1   0x10  Code  Wk  stm32f1xx_hal.o [1]
HAL_Init                 0x800'30ed   0x20  Code  Gb  stm32f1xx_hal.o [1]
HAL_InitTick             0x800'3f15   0x40  Code  Wk  stm32f1xx_hal.o [1]
HAL_MspInit              0x800'36bd   0x3a  Code  Gb  stm32f1xx_hal_msp.o [1]
HAL_NVIC_EnableIRQ       0x800'3ebf   0x16  Code  Gb  stm32f1xx_hal_cortex.o [1]
HAL_NVIC_SetPriority     0x800'3e85   0x3a  Code  Gb  stm32f1xx_hal_cortex.o [1]
HAL_NVIC_SetPriorityGrouping
                         0x800'3e6b   0x1a  Code  Gb  stm32f1xx_hal_cortex.o [1]
HAL_RCC_ClockConfig      0x800'349d   0xf4  Code  Gb  stm32f1xx_hal_rcc.o [1]
HAL_RCC_GetPCLK1Freq     0x800'35df   0x10  Code  Gb  stm32f1xx_hal_rcc.o [1]
HAL_RCC_GetPCLK2Freq     0x800'35ef    0xe  Code  Gb  stm32f1xx_hal_rcc.o [1]
HAL_RCC_GetSysClockFreq
                         0x800'35a5   0x3a  Code  Gb  stm32f1xx_hal_rcc.o [1]
HAL_RCC_GetSysClockFreq::aPLLMULFactorTable
                         0x800'3634   0x10  Data  Lc  stm32f1xx_hal_rcc.o [1]
HAL_RCC_GetSysClockFreq::aPredivFactorTable
                         0x800'3644    0x2  Data  Lc  stm32f1xx_hal_rcc.o [1]
HAL_RCC_OscConfig        0x800'3189  0x30c  Code  Gb  stm32f1xx_hal_rcc.o [1]
HAL_SYSTICK_Config       0x800'3ed5   0x28  Code  Gb  stm32f1xx_hal_cortex.o [1]
HAL_TIMEx_BreakCallback
                         0x800'391d    0x2  Code  Wk  stm32f1xx_hal_tim_ex.o [1]
HAL_TIMEx_CommutCallback
                         0x800'3921    0x2  Code  Wk  stm32f1xx_hal_tim_ex.o [1]
HAL_TIMEx_MasterConfigSynchronization
                         0x800'3111   0x56  Code  Gb  stm32f1xx_hal_tim_ex.o [1]
HAL_TIM_Base_Init        0x800'1431   0x1a  Code  Gb  stm32f1xx_hal_tim.o [1]
HAL_TIM_Base_MspInit     0x800'36f7   0xc6  Code  Gb  stm32f1xx_hal_msp.o [1]
HAL_TIM_Base_Start       0x800'144b   0x52  Code  Gb  stm32f1xx_hal_tim.o [1]
HAL_TIM_Base_Start_IT    0x800'14b3   0x5c  Code  Gb  stm32f1xx_hal_tim.o [1]
HAL_TIM_Base_Stop        0x800'149d   0x16  Code  Gb  stm32f1xx_hal_tim.o [1]
HAL_TIM_ConfigClockSource
                         0x800'168d   0xaa  Code  Gb  stm32f1xx_hal_tim.o [1]
HAL_TIM_IRQHandler       0x800'155d  0x12a  Code  Gb  stm32f1xx_hal_tim.o [1]
HAL_TIM_PeriodElapsedCallback
                         0x800'0e09    0xe  Code  Gb  main.o [1]
HAL_UART_IRQHandler      0x800'2bc9  0x276  Code  Gb  stm32f1xx_hal_uart.o [1]
HAL_UART_Init            0x800'2a69   0x1e  Code  Gb  stm32f1xx_hal_uart.o [1]
HAL_UART_MspInit         0x800'37c7  0x100  Code  Gb  stm32f1xx_hal_msp.o [1]
HAL_UART_Receive_IT      0x800'2b87   0x26  Code  Gb  stm32f1xx_hal_uart.o [1]
HAL_UART_RxCpltCallback
                         0x800'0e17   0x28  Code  Gb  main.o [1]
HAL_UART_Transmit        0x800'2ae3   0x9c  Code  Gb  stm32f1xx_hal_uart.o [1]
HardFault_Handler        0x800'3f57    0x2  Code  Gb  stm32f1xx_it.o [1]
L1                      0x2000'0070    0x4  Data  Gb  main.o [1]
L2                      0x2000'0074    0x4  Data  Gb  main.o [1]
MemManage_Handler        0x800'3f59    0x2  Code  Gb  stm32f1xx_it.o [1]
NMI_Handler              0x800'3f55    0x2  Code  Gb  stm32f1xx_it.o [1]
PendSV_Handler           0x800'3f63    0x2  Code  Gb  stm32f1xx_it.o [1]
Region$$Table$$Base      0x800'4078          --   Gb  - Linker created -
Region$$Table$$Limit     0x800'4098          --   Gb  - Linker created -
SVC_Handler              0x800'3f5f    0x2  Code  Gb  stm32f1xx_it.o [1]
SysTick_Handler          0x800'3f65    0x4  Code  Gb  stm32f1xx_it.o [1]
SystemClock_Config       0x800'1193   0x60  Code  Gb  main.o [1]
SystemCoreClock         0x2000'008c    0x4  Data  Gb  system_stm32f1xx.o [1]
SystemInit               0x800'3fc1    0x2  Code  Gb  system_stm32f1xx.o [1]
TIM1_BRK_IRQHandler      0x800'3f69    0x2  Code  Gb  stm32f1xx_it.o [1]
TIM1_CC_IRQHandler       0x800'3f77    0x2  Code  Gb  stm32f1xx_it.o [1]
TIM1_TRG_COM_IRQHandler
                         0x800'3f75    0x2  Code  Gb  stm32f1xx_it.o [1]
TIM1_UP_IRQHandler       0x800'3f6d    0x2  Code  Gb  stm32f1xx_it.o [1]
TIM2_IRQHandler          0x800'3f79    0x6  Code  Gb  stm32f1xx_it.o [1]
TIM4_IRQHandler          0x800'3f7f    0x6  Code  Gb  stm32f1xx_it.o [1]
TIM_Base_SetConfig       0x800'1751   0x6c  Code  Gb  stm32f1xx_hal_tim.o [1]
TIM_ETR_SetConfig        0x800'1823   0x14  Code  Gb  stm32f1xx_hal_tim.o [1]
TIM_ITRx_SetConfig       0x800'1813   0x10  Code  Lc  stm32f1xx_hal_tim.o [1]
TIM_TI1_ConfigInputStage
                         0x800'17d1   0x1e  Code  Lc  stm32f1xx_hal_tim.o [1]
TIM_TI2_ConfigInputStage
                         0x800'17ef   0x24  Code  Lc  stm32f1xx_hal_tim.o [1]
UART_DMAAbortOnError     0x800'2f95    0xc  Code  Lc  stm32f1xx_hal_uart.o [1]
UART_EndRxTransfer       0x800'2f5b   0x36  Code  Lc  stm32f1xx_hal_uart.o [1]
UART_Receive_IT          0x800'2fa1   0xb2  Code  Lc  stm32f1xx_hal_uart.o [1]
UART_SetConfig           0x800'306f   0x74  Code  Lc  stm32f1xx_hal_uart.o [1]
UART_Start_Receive_IT    0x800'2efd   0x30  Code  Gb  stm32f1xx_hal_uart.o [1]
UART_WaitOnFlagUntilTimeout
                         0x800'2e87   0x76  Code  Lc  stm32f1xx_hal_uart.o [1]
USART1_IRQHandler        0x800'3f85    0x6  Code  Gb  stm32f1xx_it.o [1]
USART2_IRQHandler        0x800'3f8b    0x6  Code  Gb  stm32f1xx_it.o [1]
USART3_IRQHandler        0x800'3f91    0x6  Code  Gb  stm32f1xx_it.o [1]
UsageFault_Handler       0x800'3f5d    0x2  Code  Gb  stm32f1xx_it.o [1]
__NVIC_SetPriority       0x800'3e51   0x1a  Code  Lc  stm32f1xx_hal_cortex.o [1]
__aeabi_cdcmple          0x800'3cb1         Code  Gb  DblCmpLe.o [3]
__aeabi_cfcmpeq          0x800'183d         Code  Gb  FltCmpEq.o [3]
__aeabi_cfcmple          0x800'1c35         Code  Gb  FltCmpLe.o [3]
__aeabi_cfrcmple         0x800'1c11         Code  Gb  FltCmpGe.o [3]
__aeabi_d2f              0x800'1ba9         Code  Gb  DblToFlt.o [3]
__aeabi_d2iz             0x800'3ce1         Code  Gb  DblToS32.o [3]
__aeabi_dadd             0x800'3925         Code  Gb  DblAdd.o [3]
__aeabi_ddiv             0x800'24bd         Code  Gb  DblDiv.o [3]
__aeabi_dmul             0x800'1a05         Code  Gb  DblMul.o [3]
__aeabi_dsub             0x800'2849         Code  Gb  DblSub.o [3]
__aeabi_f2d              0x800'19bd         Code  Gb  FltToDbl.o [3]
__aeabi_f2iz             0x800'1d55         Code  Gb  FltToS32.o [3]
__aeabi_fadd             0x800'18d9         Code  Gb  FltAdd.o [3]
__aeabi_fdiv             0x800'1c59         Code  Gb  FltDiv.o [3]
__aeabi_fmul             0x800'1da5         Code  Gb  FltMul.o [3]
__aeabi_fsub             0x800'1859         Code  Gb  FltSub.o [3]
__aeabi_i2d              0x800'3d1d         Code  Gb  S32ToDbl.o [3]
__aeabi_i2f              0x800'1d81         Code  Gb  S32ToFlt.o [3]
__aeabi_memclr           0x800'1201         Code  Gb  ABImemclr.o [4]
__aeabi_memset           0x800'3649         Code  Gb  ABImemset.o [4]
__cmain                  0x800'4099         Code  Gb  cmain.o [4]
__exit                   0x800'40cd   0x14  Code  Gb  exit.o [5]
__iar_Atan64             0x800'3aa1  0x210  Code  Gb  iar_Atan64.o [3]
__iar_Memset             0x800'3649         Code  Gb  ABImemset.o [4]
__iar_Memset_word        0x800'3651         Code  Gb  ABImemset.o [4]
__iar_Sin64              0x800'1fad  0x38c  Code  Lc  cos_sin64.o [3]
__iar_acos64             0x800'1ead  0x100  Code  Gb  acos64.o [3]
__iar_asin64             0x800'2705  0x130  Code  Gb  asin64.o [3]
__iar_atan2_64           0x800'295d   0xfe  Code  Gb  atan2_64.o [3]
__iar_dadd               0x800'2859         Code  Gb  DblSub.o [3]
__iar_data_init3         0x800'4051   0x28  Code  Gb  data_init.o [4]
__iar_dsub               0x800'3935         Code  Gb  DblAdd.o [3]
__iar_dsubStart          0x800'3947         Code  Gb  DblAdd.o [3]
__iar_fadd               0x800'1865         Code  Gb  FltSub.o [3]
__iar_fmax64             0x800'1e7d         Code  Gb  fmax.o [3]
__iar_fmin64             0x800'292d         Code  Gb  fmin.o [3]
__iar_fsub               0x800'18e5         Code  Gb  FltAdd.o [3]
__iar_fsubStart          0x800'18f5         Code  Gb  FltAdd.o [3]
__iar_packbits_init_single3
                         0x800'4019   0x38  Code  Gb  packbits_init_single.o [4]
__iar_program_start      0x800'40f1         Code  Gb  cstartup_M.o [4]
__iar_sin64              0x800'23c5    0x4  Code  Gb  cos_sin64.o [3]
__iar_sin_medium         0x800'23c5    0x4  Code  Gb  cos_sin64.o [3]
__iar_sin_medium64       0x800'23c5    0x4  Code  Gb  cos_sin64.o [3]
__iar_sin_mediuml        0x800'23c5    0x4  Code  Gb  cos_sin64.o [3]
__iar_sqrt64             0x800'23c9         Code  Gb  sqrt.o [3]
__iar_zero_init3         0x800'1207   0x3a  Code  Gb  zero_init3.o [4]
__low_level_init         0x800'40b7    0x4  Code  Gb  low_level_init.o [2]
__vector_table           0x800'0000         Data  Gb  startup_stm32f103xb.o [1]
_call_main               0x800'40a5         Code  Gb  cmain.o [4]
_exit                    0x800'40c1         Code  Gb  cexit.o [4]
_main                    0x800'40b3         Code  Gb  cmain.o [4]
a                        0x800'3fd8   0x40  Data  Lc  iar_Atan64.o [3]
acos                     0x800'1ead  0x100  Code  Gb  acos64.o [3]
acosl                    0x800'1ead  0x100  Code  Gb  acos64.o [3]
asin                     0x800'2705  0x130  Code  Gb  asin64.o [3]
asinl                    0x800'2705  0x130  Code  Gb  asin64.o [3]
atan2                    0x800'295d   0xfe  Code  Gb  atan2_64.o [3]
atan2l                   0x800'295d   0xfe  Code  Gb  atan2_64.o [3]
check_ipnut              0x800'07a5   0x4c  Code  Gb  main.o [1]
clear_data               0x800'00ed    0xa  Code  Gb  main.o [1]
convert_xy               0x800'0855  0x2e6  Code  Gb  main.o [1]
data                    0x2000'0000    0xc  Data  Gb  main.o [1]
data_process             0x800'0b3b  0x1d8  Code  Gb  main.o [1]
delay_time              0x2000'005c    0x4  Data  Gb  main.o [1]
delay_us                 0x800'0153   0x26  Code  Gb  main.o [1]
exit                     0x800'40bb    0x4  Code  Gb  exit.o [2]
fmax                     0x800'1e7d         Code  Gb  fmax.o [3]
fmaxl                    0x800'1e7d         Code  Gb  fmax.o [3]
fmin                     0x800'292d         Code  Gb  fmin.o [3]
fminl                    0x800'292d         Code  Gb  fmin.o [3]
home                     0x800'0403   0xf8  Code  Gb  main.o [1]
htim1                   0x2000'0120   0x48  Data  Gb  main.o [1]
htim2                   0x2000'01f8   0x48  Data  Gb  main.o [1]
htim3                   0x2000'0168   0x48  Data  Gb  main.o [1]
htim4                   0x2000'01b0   0x48  Data  Gb  main.o [1]
huart1                  0x2000'0010   0x48  Data  Gb  main.o [1]
huart2                  0x2000'0090   0x48  Data  Gb  main.o [1]
huart3                  0x2000'00d8   0x48  Data  Gb  main.o [1]
inverse_kinematics       0x800'052b  0x23c  Code  Gb  main.o [1]
main                     0x800'0e59  0x28a  Code  Gb  main.o [1]
memset                   0x800'3175   0x14  Code  Gb  memset.o [4]
move                     0x800'0179  0x20e  Code  Gb  main.o [1]
movez                    0x800'03b9   0x4a  Code  Gb  main.o [1]
robot_check              0x800'07f1   0x60  Code  Gb  main.o [1]
run                     0x2000'000c    0x1  Data  Gb  main.o [1]
sin                      0x800'23c5    0x4  Code  Gb  cos_sin64.o [3]
sinl                     0x800'23c5    0x4  Code  Gb  cos_sin64.o [3]
sqrt                     0x800'23c9         Code  Gb  sqrt.o [3]
sqrtl                    0x800'23c9         Code  Gb  sqrt.o [3]
start_status             0x800'00f7   0x46  Code  Gb  main.o [1]
stopx                   0x2000'000d    0x1  Data  Gb  main.o [1]
stopy                   0x2000'000e    0x1  Data  Gb  main.o [1]
stopz                   0x2000'000f    0x1  Data  Gb  main.o [1]
string                  0x2000'007c    0x2  Data  Gb  main.o [1]
tempx                   0x2000'0068    0x4  Data  Gb  main.o [1]
tempy                   0x2000'006c    0x4  Data  Gb  main.o [1]
uwTick                  0x2000'0084    0x4  Data  Gb  stm32f1xx_hal.o [1]
uwTickFreq              0x2000'0080    0x1  Data  Gb  stm32f1xx_hal.o [1]
uwTickPrio              0x2000'0088    0x4  Data  Gb  stm32f1xx_hal.o [1]
x                       0x2000'0058    0x2  Data  Gb  main.o [1]
y                       0x2000'005a    0x2  Data  Gb  main.o [1]
z                       0x2000'0078    0x4  Data  Gb  main.o [1]


[1] = E:\EMB\Graduation_Project\0.HardWare_Unit\1.Code\clock\EWARM\clock\Obj
[2] = dl7M_tlf.a
[3] = m7M_tl.a
[4] = rt7M_tl.a
[5] = shb_l.a

  16'672 bytes of readonly  code memory
     140 bytes of readonly  data memory
   1'600 bytes of readwrite data memory

Errors: none
Warnings: none
