###############################################################################
#
# IAR ELF Linker V8.40.2.214/W32 for ARM                  01/Jan/2025  16:05:46
# Copyright 2007-2019 IAR Systems AB.
#
#    Output file  =
#        E:\EMB\Graduation_Project\0.HardWare_Unit\1.Code\Main_Robot\EWARM\Main_Robot\Exe\Main_Robot.out
#    Map file     =
#        E:\EMB\Graduation_Project\0.HardWare_Unit\1.Code\Main_Robot\EWARM\Main_Robot\List\Main_Robot.map
#    Command line =
#        -f C:\Users\dangd\AppData\Local\Temp\EW909E.tmp
#        (E:\EMB\Graduation_Project\0.HardWare_Unit\1.Code\Main_Robot\EWARM\Main_Robot\Obj\main.o
#        E:\EMB\Graduation_Project\0.HardWare_Unit\1.Code\Main_Robot\EWARM\Main_Robot\Obj\startup_stm32f103xb.o
#        E:\EMB\Graduation_Project\0.HardWare_Unit\1.Code\Main_Robot\EWARM\Main_Robot\Obj\stm32f1xx_hal.o
#        E:\EMB\Graduation_Project\0.HardWare_Unit\1.Code\Main_Robot\EWARM\Main_Robot\Obj\stm32f1xx_hal_cortex.o
#        E:\EMB\Graduation_Project\0.HardWare_Unit\1.Code\Main_Robot\EWARM\Main_Robot\Obj\stm32f1xx_hal_dma.o
#        E:\EMB\Graduation_Project\0.HardWare_Unit\1.Code\Main_Robot\EWARM\Main_Robot\Obj\stm32f1xx_hal_exti.o
#        E:\EMB\Graduation_Project\0.HardWare_Unit\1.Code\Main_Robot\EWARM\Main_Robot\Obj\stm32f1xx_hal_flash.o
#        E:\EMB\Graduation_Project\0.HardWare_Unit\1.Code\Main_Robot\EWARM\Main_Robot\Obj\stm32f1xx_hal_flash_ex.o
#        E:\EMB\Graduation_Project\0.HardWare_Unit\1.Code\Main_Robot\EWARM\Main_Robot\Obj\stm32f1xx_hal_gpio.o
#        E:\EMB\Graduation_Project\0.HardWare_Unit\1.Code\Main_Robot\EWARM\Main_Robot\Obj\stm32f1xx_hal_gpio_ex.o
#        E:\EMB\Graduation_Project\0.HardWare_Unit\1.Code\Main_Robot\EWARM\Main_Robot\Obj\stm32f1xx_hal_msp.o
#        E:\EMB\Graduation_Project\0.HardWare_Unit\1.Code\Main_Robot\EWARM\Main_Robot\Obj\stm32f1xx_hal_pwr.o
#        E:\EMB\Graduation_Project\0.HardWare_Unit\1.Code\Main_Robot\EWARM\Main_Robot\Obj\stm32f1xx_hal_rcc.o
#        E:\EMB\Graduation_Project\0.HardWare_Unit\1.Code\Main_Robot\EWARM\Main_Robot\Obj\stm32f1xx_hal_rcc_ex.o
#        E:\EMB\Graduation_Project\0.HardWare_Unit\1.Code\Main_Robot\EWARM\Main_Robot\Obj\stm32f1xx_hal_tim.o
#        E:\EMB\Graduation_Project\0.HardWare_Unit\1.Code\Main_Robot\EWARM\Main_Robot\Obj\stm32f1xx_hal_tim_ex.o
#        E:\EMB\Graduation_Project\0.HardWare_Unit\1.Code\Main_Robot\EWARM\Main_Robot\Obj\stm32f1xx_hal_uart.o
#        E:\EMB\Graduation_Project\0.HardWare_Unit\1.Code\Main_Robot\EWARM\Main_Robot\Obj\stm32f1xx_it.o
#        E:\EMB\Graduation_Project\0.HardWare_Unit\1.Code\Main_Robot\EWARM\Main_Robot\Obj\system_stm32f1xx.o
#        --redirect _Printf=_PrintfFull --redirect _Scanf=_ScanfFull
#        --no_out_extension -o
#        E:\EMB\Graduation_Project\0.HardWare_Unit\1.Code\Main_Robot\EWARM\Main_Robot\Exe\Main_Robot.out
#        --map
#        E:\EMB\Graduation_Project\0.HardWare_Unit\1.Code\Main_Robot\EWARM\Main_Robot\List\Main_Robot.map
#        --config
#        E:\EMB\Graduation_Project\0.HardWare_Unit\1.Code\Main_Robot\EWARM/stm32f103xb_flash.icf
#        --semihosting --entry __iar_program_start --vfe --text_out locale)
#
###############################################################################

*******************************************************************************
*** MESSAGES
***

Error[Li005]: no definition for "SystemClock_Config" [referenced from E:\EMB\Gr
          aduation_Project\0.HardWare_Unit\1.Code\Main_Robot\EWARM\Main_Robot\O
          bj\main.o]
Error[Li005]: no definition for "MX_GPIO_Init" [referenced from E:\EMB\Graduati
          on_Project\0.HardWare_Unit\1.Code\Main_Robot\EWARM\Main_Robot\Obj\mai
          n.o]
Error[Li005]: no definition for "MX_TIM3_Init" [referenced from E:\EMB\Graduati
          on_Project\0.HardWare_Unit\1.Code\Main_Robot\EWARM\Main_Robot\Obj\mai
          n.o]
Error[Li005]: no definition for "MX_TIM1_Init" [referenced from E:\EMB\Graduati
          on_Project\0.HardWare_Unit\1.Code\Main_Robot\EWARM\Main_Robot\Obj\mai
          n.o]
Error[Li005]: no definition for "MX_TIM2_Init" [referenced from E:\EMB\Graduati
          on_Project\0.HardWare_Unit\1.Code\Main_Robot\EWARM\Main_Robot\Obj\mai
          n.o]
Error[Li005]: no definition for "MX_TIM4_Init" [referenced from E:\EMB\Graduati
          on_Project\0.HardWare_Unit\1.Code\Main_Robot\EWARM\Main_Robot\Obj\mai
          n.o]
Error[Li005]: no definition for "htim4" [referenced from E:\EMB\Graduation_Proj
          ect\0.HardWare_Unit\1.Code\Main_Robot\EWARM\Main_Robot\Obj\stm32f1xx_
          it.o]
Error[Li005]: no definition for "htim2" [referenced from E:\EMB\Graduation_Proj
          ect\0.HardWare_Unit\1.Code\Main_Robot\EWARM\Main_Robot\Obj\stm32f1xx_
          it.o]
Error[Li005]: no definition for "htim1" [referenced from E:\EMB\Graduation_Proj
          ect\0.HardWare_Unit\1.Code\Main_Robot\EWARM\Main_Robot\Obj\stm32f1xx_
          it.o]


*******************************************************************************
*** RUNTIME MODEL ATTRIBUTES
***

CppFlavor       = *
__SystemLibrary = DLib
__dlib_version  = 6


*******************************************************************************
*** HEAP SELECTION
***

The basic heap was selected because no calls to memory allocation
functions were found in the application outside of system library
functions, and there are calls to deallocation functions in the
application.


*******************************************************************************
*** PLACEMENT SUMMARY
***

"A0":  place at address 0x800'0000 { ro section .intvec };
"P1":  place in [from 0x800'0000 to 0x801'ffff] { ro };
define block CSTACK with size = 1K, alignment = 8 { };
define block HEAP with size = 512, alignment = 8 { };
"P2":  place in [from 0x2000'0000 to 0x2000'4fff] {
          rw, block CSTACK, block HEAP };
initialize by copy { rw };

  Section            Kind         Address   Size  Object
  -------            ----         -------   ----  ------
"A0":                                       0xec
  .intvec            ro code   0x800'0000   0xec  startup_stm32f103xb.o [1]
                             - 0x800'00ec   0xec

"P1":                                      0x998
  .text              ro code   0x800'00ec  0x1b4  stm32f1xx_hal_gpio.o [1]
  .text              ro code   0x800'02a0  0x13c  stm32f1xx_hal_msp.o [1]
  .text              ro code   0x800'03dc   0x14  memset.o [3]
  .text              ro code   0x800'03f0   0x66  ABImemset.o [3]
  .text              ro code   0x800'0456   0x3a  zero_init3.o [3]
  .text              ro code   0x800'0490  0x130  stm32f1xx_hal_tim.o [1]
  .text              ro code   0x800'05c0    0x2  stm32f1xx_hal_tim.o [1]
  .text              ro code   0x800'05c2    0x2  stm32f1xx_hal_tim.o [1]
  .text              ro code   0x800'05c4    0x2  stm32f1xx_hal_tim.o [1]
  .text              ro code   0x800'05c6    0x2  stm32f1xx_hal_tim_ex.o [1]
  .text              ro code   0x800'05c8    0x2  stm32f1xx_hal_tim.o [1]
  .text              ro code   0x800'05ca    0x2  stm32f1xx_hal_tim_ex.o [1]
  .text              ro code   0x800'05cc    0x2  stm32f1xx_hal_tim.o [1]
  .text              ro code   0x800'05ce   0x2e  copy_init3.o [3]
  .text              ro code   0x800'05fc   0xf8  stm32f1xx_hal_uart.o [1]
  .text              ro code   0x800'06f4   0x30  stm32f1xx_hal_rcc.o [1]
  .text              ro code   0x800'0724   0xac  stm32f1xx_hal_cortex.o [1]
  .text              ro code   0x800'07d0   0xa4  main.o [1]
  .text              ro code   0x800'0874   0x24  stm32f1xx_hal.o [1]
  .text              ro code   0x800'0898   0x40  stm32f1xx_hal.o [1]
  .text              ro code   0x800'08d8   0x3c  stm32f1xx_it.o [1]
  .text              ro code   0x800'0914   0x10  stm32f1xx_hal.o [1]
  .text              ro code   0x800'0924   0x28  data_init.o [3]
  .iar.init_table    const     0x800'094c   0x24  - Linker created -
  .text              ro code   0x800'0970   0x1e  cmain.o [3]
  .text              ro code   0x800'098e    0x4  low_level_init.o [2]
  .text              ro code   0x800'0992    0x4  exit.o [2]
  .text              ro code   0x800'0998    0xa  cexit.o [3]
  .text              ro code   0x800'09a4   0x14  exit.o [4]
  .text              ro code   0x800'09b8   0x10  startup_stm32f103xb.o [1]
  Initializer bytes  const     0x800'09c8   0x10  <for P2-1> (used: 0x0)
  .text              ro code   0x800'09d8    0xc  cstartup_M.o [3]
  .rodata            const     0x800'09e4    0x8  system_stm32f1xx.o [1]
  .text              ro code   0x800'09ec    0x4  startup_stm32f103xb.o [1]
  .text              ro code   0x800'09f0    0x4  startup_stm32f103xb.o [1]
  .text              ro code   0x800'09f4    0x4  startup_stm32f103xb.o [1]
  .text              ro code   0x800'09f8    0x4  startup_stm32f103xb.o [1]
  .text              ro code   0x800'09fc    0x4  startup_stm32f103xb.o [1]
  .text              ro code   0x800'0a00    0x4  startup_stm32f103xb.o [1]
  .text              ro code   0x800'0a04    0x4  startup_stm32f103xb.o [1]
  .text              ro code   0x800'0a08    0x4  startup_stm32f103xb.o [1]
  .text              ro code   0x800'0a0c    0x4  startup_stm32f103xb.o [1]
  .text              ro code   0x800'0a10    0x4  startup_stm32f103xb.o [1]
  .text              ro code   0x800'0a14    0x4  startup_stm32f103xb.o [1]
  .text              ro code   0x800'0a18    0x4  startup_stm32f103xb.o [1]
  .text              ro code   0x800'0a1c    0x4  startup_stm32f103xb.o [1]
  .text              ro code   0x800'0a20    0x4  startup_stm32f103xb.o [1]
  .text              ro code   0x800'0a24    0x4  startup_stm32f103xb.o [1]
  .text              ro code   0x800'0a28    0x4  startup_stm32f103xb.o [1]
  .text              ro code   0x800'0a2c    0x4  startup_stm32f103xb.o [1]
  .text              ro code   0x800'0a30    0x4  startup_stm32f103xb.o [1]
  .text              ro code   0x800'0a34    0x4  startup_stm32f103xb.o [1]
  .text              ro code   0x800'0a38    0x4  startup_stm32f103xb.o [1]
  .text              ro code   0x800'0a3c    0x4  startup_stm32f103xb.o [1]
  .text              ro code   0x800'0a40    0x4  startup_stm32f103xb.o [1]
  .text              ro code   0x800'0a44    0x4  startup_stm32f103xb.o [1]
  .text              ro code   0x800'0a48    0x4  startup_stm32f103xb.o [1]
  .text              ro code   0x800'0a4c    0x4  startup_stm32f103xb.o [1]
  .text              ro code   0x800'0a50    0x4  startup_stm32f103xb.o [1]
  .text              ro code   0x800'0a54    0x4  startup_stm32f103xb.o [1]
  .text              ro code   0x800'0a58    0x4  startup_stm32f103xb.o [1]
  .text              ro code   0x800'0a5c    0x4  startup_stm32f103xb.o [1]
  .text              ro code   0x800'0a60    0x4  startup_stm32f103xb.o [1]
  .text              ro code   0x800'0a64    0x4  startup_stm32f103xb.o [1]
  .text              ro code   0x800'0a68    0x4  startup_stm32f103xb.o [1]
  .text              ro code   0x800'0a6c    0x4  startup_stm32f103xb.o [1]
  .text              ro code   0x800'0a70    0x4  startup_stm32f103xb.o [1]
  .text              ro code   0x800'0a74    0x4  startup_stm32f103xb.o [1]
  .text              ro code   0x800'0a78    0x4  startup_stm32f103xb.o [1]
  .text              ro code   0x800'0a7c    0x4  startup_stm32f103xb.o [1]
  .text              ro code   0x800'0a80    0x4  system_stm32f1xx.o [1]
  .rodata            const     0x800'0a84    0x0  zero_init3.o [3]
  .rodata            const     0x800'0a84    0x0  copy_init3.o [3]
                             - 0x800'0a84  0x998

"P2", part 1 of 3:                          0x10
  P2-1                        0x2000'0000   0x10  <Init block>
    .data            inited   0x2000'0000    0xc  stm32f1xx_hal.o [1]
    .data            inited   0x2000'000c    0x4  system_stm32f1xx.o [1]
                            - 0x2000'0010   0x10

"P2", part 2 of 3:                          0xd8
  .bss               zero     0x2000'0010   0xd8  main.o [1]
                            - 0x2000'00e8   0xd8

"P2", part 3 of 3:                         0x400
  CSTACK                      0x2000'00e8  0x400  <Block>
    CSTACK           uninit   0x2000'00e8  0x400  <Block tail>
                            - 0x2000'04e8  0x400

Unused ranges:

         From           To      Size
         ----           --      ----
   0x800'0a84   0x801'ffff  0x1'f57c
  0x2000'04e8  0x2000'4fff    0x4b18


*******************************************************************************
*** INIT TABLE
***

          Address      Size
          -------      ----
Zero (__iar_zero_init3)
    1 destination range, total size 0xd8:
          0x2000'0010  0xd8

Copy (__iar_copy_init3)
    1 source range, total size 0x10:
           0x800'09c8  0x10
    1 destination range, total size 0x10:
          0x2000'0000  0x10



*******************************************************************************
*** MODULE SUMMARY
***

    Module                  ro code  ro data  rw data
    ------                  -------  -------  -------
command line/config:
    -------------------------------------------------
    Total:

E:\EMB\Graduation_Project\0.HardWare_Unit\1.Code\Main_Robot\EWARM\Main_Robot\Obj: [1]
    main.o                      164               216
    startup_stm32f103xb.o       400
    stm32f1xx_hal.o             116       12       12
    stm32f1xx_hal_cortex.o      172
    stm32f1xx_hal_gpio.o        436
    stm32f1xx_hal_msp.o         316
    stm32f1xx_hal_rcc.o          48
    stm32f1xx_hal_tim.o         314
    stm32f1xx_hal_tim_ex.o        4
    stm32f1xx_hal_uart.o        248
    stm32f1xx_it.o               60
    system_stm32f1xx.o            4       12        4
    -------------------------------------------------
    Total:                    2'282       24      232

dl7M_tln.a: [2]
    exit.o                        4
    low_level_init.o              4
    -------------------------------------------------
    Total:                        8

rt7M_tl.a: [3]
    ABImemset.o                 102
    cexit.o                      10
    cmain.o                      30
    copy_init3.o                 46
    cstartup_M.o                 12
    data_init.o                  40
    memset.o                     20
    zero_init3.o                 58
    -------------------------------------------------
    Total:                      318

shb_l.a: [4]
    exit.o                       20
    -------------------------------------------------
    Total:                       20

    Gaps                          4
    Linker created                        36    1'024
-----------------------------------------------------
    Grand Total:              2'632       60    1'256


*******************************************************************************
*** ENTRY LIST
***

Entry                       Address   Size  Type      Object
-----                       -------   ----  ----      ------
.iar.init_table$$Base    0x800'094c          --   Gb  - Linker created -
.iar.init_table$$Limit   0x800'0970          --   Gb  - Linker created -
?main                    0x800'0971         Code  Gb  cmain.o [3]
APBPrescTable            0x800'09e4    0x8  Data  Gb  system_stm32f1xx.o [1]
BusFault_Handler         0x800'08df    0x2  Code  Gb  stm32f1xx_it.o [1]
CSTACK$$Base            0x2000'00e8          --   Gb  - Linker created -
CSTACK$$Limit           0x2000'04e8          --   Gb  - Linker created -
DebugMon_Handler         0x800'08e5    0x2  Code  Gb  stm32f1xx_it.o [1]
Error_Handler            0x800'0871    0x4  Code  Gb  main.o [1]
HAL_GPIO_Init            0x800'00ed  0x180  Code  Gb  stm32f1xx_hal_gpio.o [1]
HAL_IncTick              0x800'0915   0x10  Code  Wk  stm32f1xx_hal.o [1]
HAL_Init                 0x800'0875   0x20  Code  Gb  stm32f1xx_hal.o [1]
HAL_MspInit              0x800'02a1   0x2c  Code  Gb  stm32f1xx_hal_msp.o [1]
HAL_NVIC_SetPriority     0x800'0759   0x3a  Code  Gb  stm32f1xx_hal_cortex.o [1]
HAL_NVIC_SetPriorityGrouping
                         0x800'073f   0x1a  Code  Gb  stm32f1xx_hal_cortex.o [1]
HAL_RCC_GetPCLK1Freq     0x800'06f5   0x10  Code  Gb  stm32f1xx_hal_rcc.o [1]
HAL_RCC_GetPCLK2Freq     0x800'0705    0xe  Code  Gb  stm32f1xx_hal_rcc.o [1]
HAL_SYSTICK_Config       0x800'0793   0x28  Code  Gb  stm32f1xx_hal_cortex.o [1]
HAL_TIMEx_BreakCallback
                         0x800'05c7    0x2  Code  Wk  stm32f1xx_hal_tim_ex.o [1]
HAL_TIMEx_CommutCallback
                         0x800'05cb    0x2  Code  Wk  stm32f1xx_hal_tim_ex.o [1]
HAL_TIM_IRQHandler       0x800'0491  0x12a  Code  Gb  stm32f1xx_hal_tim.o [1]
HAL_UART_Init            0x800'05fd   0x1e  Code  Gb  stm32f1xx_hal_uart.o [1]
HAL_UART_MspInit         0x800'02cd   0xce  Code  Gb  stm32f1xx_hal_msp.o [1]
HardFault_Handler        0x800'08db    0x2  Code  Gb  stm32f1xx_it.o [1]
MemManage_Handler        0x800'08dd    0x2  Code  Gb  stm32f1xx_it.o [1]
NMI_Handler              0x800'08d9    0x2  Code  Gb  stm32f1xx_it.o [1]
PendSV_Handler           0x800'08e7    0x2  Code  Gb  stm32f1xx_it.o [1]
Region$$Table$$Base      0x800'094c          --   Gb  - Linker created -
Region$$Table$$Limit     0x800'0970          --   Gb  - Linker created -
SVC_Handler              0x800'08e3    0x2  Code  Gb  stm32f1xx_it.o [1]
SysTick_Handler          0x800'08e9    0x4  Code  Gb  stm32f1xx_it.o [1]
SystemCoreClock         0x2000'000c    0x4  Data  Gb  system_stm32f1xx.o [1]
SystemInit               0x800'0a81    0x2  Code  Gb  system_stm32f1xx.o [1]
TIM1_BRK_IRQHandler      0x800'08ed    0x2  Code  Gb  stm32f1xx_it.o [1]
TIM1_CC_IRQHandler       0x800'08fb    0x2  Code  Gb  stm32f1xx_it.o [1]
TIM1_TRG_COM_IRQHandler
                         0x800'08f9    0x2  Code  Gb  stm32f1xx_it.o [1]
TIM1_UP_IRQHandler       0x800'08f1    0x2  Code  Gb  stm32f1xx_it.o [1]
TIM2_IRQHandler          0x800'08fd    0x6  Code  Gb  stm32f1xx_it.o [1]
TIM4_IRQHandler          0x800'0903    0x6  Code  Gb  stm32f1xx_it.o [1]
UART_SetConfig           0x800'0677   0x74  Code  Lc  stm32f1xx_hal_uart.o [1]
UsageFault_Handler       0x800'08e1    0x2  Code  Gb  stm32f1xx_it.o [1]
__NVIC_SetPriority       0x800'0725   0x1a  Code  Lc  stm32f1xx_hal_cortex.o [1]
__aeabi_memset           0x800'03f1         Code  Gb  ABImemset.o [3]
__cmain                  0x800'0971         Code  Gb  cmain.o [3]
__exit                   0x800'09a5   0x14  Code  Gb  exit.o [4]
__iar_Memset             0x800'03f1         Code  Gb  ABImemset.o [3]
__iar_Memset_word        0x800'03f9         Code  Gb  ABImemset.o [3]
__iar_copy_init3         0x800'05cf   0x2e  Code  Gb  copy_init3.o [3]
__iar_data_init3         0x800'0925   0x28  Code  Gb  data_init.o [3]
__iar_program_start      0x800'09d9         Code  Gb  cstartup_M.o [3]
__iar_zero_init3         0x800'0457   0x3a  Code  Gb  zero_init3.o [3]
__low_level_init         0x800'098f    0x4  Code  Gb  low_level_init.o [2]
__vector_table           0x800'0000         Data  Gb  startup_stm32f103xb.o [1]
_call_main               0x800'097d         Code  Gb  cmain.o [3]
_exit                    0x800'0999         Code  Gb  cexit.o [3]
_main                    0x800'098b         Code  Gb  cmain.o [3]
exit                     0x800'0993    0x4  Code  Gb  exit.o [2]
huart1                  0x2000'0010   0x48  Data  Gb  main.o [1]
huart2                  0x2000'0058   0x48  Data  Gb  main.o [1]
huart3                  0x2000'00a0   0x48  Data  Gb  main.o [1]
main                     0x800'07d1   0x90  Code  Gb  main.o [1]
memset                   0x800'03dd   0x14  Code  Gb  memset.o [3]
uwTick                  0x2000'0004    0x4  Data  Gb  stm32f1xx_hal.o [1]
uwTickFreq              0x2000'0000    0x1  Data  Gb  stm32f1xx_hal.o [1]
uwTickPrio              0x2000'0008    0x4  Data  Gb  stm32f1xx_hal.o [1]


[1] = E:\EMB\Graduation_Project\0.HardWare_Unit\1.Code\Main_Robot\EWARM\Main_Robot\Obj
[2] = dl7M_tln.a
[3] = rt7M_tl.a
[4] = shb_l.a

  2'632 bytes of readonly  code memory
     60 bytes of readonly  data memory
  1'256 bytes of readwrite data memory

Errors: 9
Warnings: none
